<area shape="rect" href="$jma__analyzer_8h.html" title="Definition of class JMA_Analyzer." alt="" coords="208,80,403,107">
<area shape="rect" href="$analyzer_8cpp.html" title="Implementation of class Analyzer." alt="" coords="427,80,587,107">
<area shape="rect" href="$test__jma__convert__kana_8cpp.html" title="Test to convert Japanese Hiragana and Katakana characters." alt="" coords="611,80,861,107">
<area shape="rect" href="$test__jma__encoding_8cpp.html" title="Test character encoding &quot;EUC&#45;JP&quot;, &quot;SHIFT&#45;JIS&quot; and &quot;UTF&#45;8&quot;..." alt="" coords="885,80,1109,107">
<area shape="rect" href="$test__jma__factory_8cpp.html" title="Test to create an instance of JMA_Factory." alt="" coords="1133,80,1344,107">
<area shape="rect" href="$test__jma__multithread_8cpp.html" title="Test JMA in multithread environment." alt="" coords="1368,80,1603,107">
<area shape="rect" href="$test__jma__pos__nbest_8cpp.html" title="Test JMA in Japanese word segmentation with POS tagging analysis, and output the..." alt="" coords="1627,80,1859,107">
<area shape="rect" href="$test__jma__run_8cpp.html" title="Test JMA in Japanese word segmentation and POS tagging analysis." alt="" coords="1883,80,2072,107">
<area shape="rect" href="$test__jma__split__sentence_8cpp.html" title="Test sentence split in JMA analysis." alt="" coords="2096,80,2352,107">
<area shape="rect" href="$jma__analyzer_8cpp.html" title="Implementation of class JMA_Analyzer." alt="" coords="5,155,192,181">
<area shape="rect" href="$jma__factory_8cpp.html" title="Implementation of class JMA_Factory." alt="" coords="216,155,395,181">
<area shape="rect" href="$test__jma__analyzer_8cpp.html" title="Test to create an instance of JMA_Analyzer." alt="" coords="419,155,637,181">
