<area shape="rect" href="$param_8h.html" title="param.h" alt="" coords="367,304,433,331">
<area shape="rect" href="$common_8h.html" title="common.h" alt="" coords="705,379,788,405">
<area shape="rect" href="$mempool_8h.html" title="mempool.h" alt="" coords="297,80,383,107">
<area shape="rect" href="$utils_8h.html" title="utils.h" alt="" coords="908,304,964,331">
<area shape="rect" href="$char__property_8h.html" title="char_property.h" alt="" coords="887,80,996,107">
<area shape="rect" href="$mmap_8h.html" title="mmap.h" alt="" coords="785,304,852,331">
<area shape="rect" href="$libmecab_2scoped__ptr_8h.html" title="scoped_ptr.h" alt="" coords="404,379,500,405">
<area shape="rect" href="$mutex_8h.html" title="mutex.h" alt="" coords="543,155,609,181">
<area shape="rect" href="$string__buffer_8h.html" title="string_buffer.h" alt="" coords="559,229,660,256">
<area shape="rect" href="$ucs_8h.html" title="ucs.h" alt="" coords="907,155,960,181">
<area shape="rect" href="$ucstable_8h.html" title="ucstable.h" alt="" coords="887,229,967,256">
