<area shape="rect" href="$char__property_8cpp.html" title="source/libmecab/char_property.cpp" alt="" coords="279,80,503,107">
<area shape="rect" href="$dictionary_8h.html" title="source/libmecab/dictionary.h" alt="" coords="577,80,764,107">
<area shape="rect" href="$dictionary__compiler_8cpp.html" title="source/libmecab/dictionary_compiler.cpp" alt="" coords="5,155,261,181">
<area shape="rect" href="$dictionary__generator_8cpp.html" title="source/libmecab/dictionary_generator.cpp" alt="" coords="733,155,995,181">
<area shape="rect" href="$libmecab_2tokenizer_8h.html" title="source/libmecab/tokenizer.h" alt="" coords="1019,155,1203,181">
<area shape="rect" href="$libmecab_2iconv__utils_8cpp.html" title="source/libmecab/iconv_utils.cpp" alt="" coords="889,80,1097,107">
<area shape="rect" href="$dictionary_8cpp.html" title="source/libmecab/dictionary.cpp" alt="" coords="509,155,709,181">
<area shape="rect" href="$jma__knowledge_8cpp.html" title="Implementation of class JMA_Knowledge." alt="" coords="285,155,485,181">
<area shape="rect" href="$learner__tagger_8h.html" title="source/libmecab/learner_tagger.h" alt="" coords="581,229,792,256">
<area shape="rect" href="$libmecab_8cpp.html" title="source/libmecab/libmecab.cpp" alt="" coords="816,229,1013,256">
<area shape="rect" href="$viterbi_8h.html" title="source/libmecab/viterbi.h" alt="" coords="1088,229,1253,256">
<area shape="rect" href="$libmecab_2tokenizer_8cpp.html" title="source/libmecab/tokenizer.cpp" alt="" coords="860,304,1057,331">
<area shape="rect" href="$jma__analyzer_8cpp.html" title="Implementation of class JMA_Analyzer." alt="" coords="1277,229,1464,256">
<area shape="rect" href="$src_2tokenizer_8cpp.html" title="Tokenizer tokenizes a raw input string in specific encoding to a sequence of characters..." alt="" coords="1488,229,1651,256">
<area shape="rect" href="$learner_8cpp.html" title="source/libmecab/learner.cpp" alt="" coords="384,304,568,331">
<area shape="rect" href="$learner__tagger_8cpp.html" title="source/libmecab/learner_tagger.cpp" alt="" coords="592,304,819,331">
<area shape="rect" href="$tagger_8cpp.html" title="source/libmecab/tagger.cpp" alt="" coords="1081,304,1260,331">
<area shape="rect" href="$viterbi_8cpp.html" title="source/libmecab/viterbi.cpp" alt="" coords="1273,379,1452,405">
<area shape="rect" href="$viterbisub_8h.html" title="source/libmecab/viterbisub.h" alt="" coords="1335,304,1521,331">
