<area shape="rect" href="$classMeCab_1_1Connector.html" title="MeCab::Connector" alt="" coords="2037,9,2165,36">
<area shape="rect" href="$classMeCab_1_1Mmap.html" title="MeCab::Mmap\&lt; short \&gt;" alt="" coords="1352,8,1512,35">
<area shape="rect" href="$structMeCab_1_1whatlog.html" title="MeCab::whatlog" alt="" coords="463,311,577,337">
<area shape="rect" href="$classMeCab_1_1TokenizerImpl.html" title="MeCab::TokenizerImpl\&lt; N, P \&gt;" alt="" coords="2468,339,2668,365">
<area shape="rect" href="$classMeCab_1_1Dictionary.html" title="MeCab::Dictionary" alt="" coords="2037,585,2165,612">
<area shape="rect" href="$classMeCab_1_1Mmap.html" title="MeCab::Mmap\&lt; char \&gt;" alt="" coords="1355,567,1509,593">
<area shape="rect" href="$classMeCab_1_1CharProperty.html" title="MeCab::CharProperty" alt="" coords="2028,385,2175,412">
<area shape="rect" href="$classMeCab_1_1scoped__ptr.html" title="MeCab::scoped_ptr\&lt; FreeList\&lt; Path \&gt; \&gt;" alt="" coords="2440,71,2696,97">
<area shape="rect" href="$classMeCab_1_1FreeList.html" title="MeCab::FreeList\&lt; Path \&gt;" alt="" coords="2017,68,2185,95">
<area shape="rect" href="$classMeCab_1_1scoped__array.html" title="MeCab::scoped_array\&lt; Dictionary::result_type \&gt;" alt="" coords="1951,284,2252,311">
<area shape="rect" href="$structMeCab_1_1Darts_1_1DoubleArrayImpl_1_1result__pair__type.html" title="MeCab::Darts::DoubleArrayImpl\&lt; node_type_, node_u_type_, array_type_, array_u_type_, length_func_ \&gt;::DoubleArrayImpl::result_pair_type" alt="" coords="1013,284,1851,311">
<area shape="rect" href="$classMeCab_1_1FreeList.html" title="MeCab::FreeList\&lt; DictionaryInfo \&gt;" alt="" coords="1991,436,2212,463">
<area shape="rect" href="$classMeCab_1_1scoped__string.html" title="MeCab::scoped_string" alt="" coords="2025,335,2177,361">
<area shape="rect" href="$classMeCab_1_1scoped__array.html" title="MeCab::scoped_array\&lt; char \&gt;" alt="" coords="1333,335,1531,361">
<area shape="rect" href="$classMeCab_1_1FreeList.html" title="MeCab::FreeList\&lt; N \&gt;" alt="" coords="2027,183,2176,209">
<area shape="rect" href="$classMeCab_1_1Darts_1_1DoubleArrayImpl.html" title="MeCab::Darts::DoubleArrayImpl\&lt; char, unsigned char, int, unsigned int \&gt;" alt="" coords="1212,680,1652,707">
<area shape="rect" href="$structMeCab_1_1CharInfo.html" title="MeCab::CharInfo" alt="" coords="1372,449,1492,476">
