<area shape="rect" href="$classMeCab_1_1Connector.html" title="MeCab::Connector" alt="" coords="2283,1089,2411,1116">
<area shape="rect" href="$classMeCab_1_1Viterbi.html" title="MeCab::Viterbi" alt="" coords="2897,1088,3004,1115">
<area shape="rect" href="$classMeCab_1_1Mmap.html" title="MeCab::Mmap\&lt; short \&gt;" alt="" coords="1352,1112,1512,1139">
<area shape="rect" href="$structMeCab_1_1whatlog.html" title="MeCab::whatlog" alt="" coords="463,583,577,609">
<area shape="rect" href="$classMeCab_1_1TokenizerImpl.html" title="MeCab::TokenizerImpl\&lt; Node, Path \&gt;" alt="" coords="2448,616,2688,643">
<area shape="rect" href="$classMeCab_1_1Dictionary.html" title="MeCab::Dictionary" alt="" coords="2037,477,2165,504">
<area shape="rect" href="$classMeCab_1_1Mmap.html" title="MeCab::Mmap\&lt; char \&gt;" alt="" coords="1355,529,1509,556">
<area shape="rect" href="$classMeCab_1_1CharProperty.html" title="MeCab::CharProperty" alt="" coords="2028,720,2175,747">
<area shape="rect" href="$classMeCab_1_1TokenizerImpl.html" title="MeCab::TokenizerImpl\&lt; N, P \&gt;" alt="" coords="2468,929,2668,956">
<area shape="rect" href="$classMeCab_1_1Writer.html" title="MeCab::Writer" alt="" coords="2516,320,2620,347">
<area shape="rect" href="$classMeCab_1_1scoped__array.html" title="MeCab::scoped_array\&lt; Dictionary::result_type \&gt;" alt="" coords="1951,907,2252,933">
<area shape="rect" href="$structMeCab_1_1Darts_1_1DoubleArrayImpl_1_1result__pair__type.html" title="MeCab::Darts::DoubleArrayImpl\&lt; node_type_, node_u_type_, array_type_, array_u_type_, length_func_ \&gt;::DoubleArrayImpl::result_pair_type" alt="" coords="1013,907,1851,933">
<area shape="rect" href="$classMeCab_1_1FreeList.html" title="MeCab::FreeList\&lt; DictionaryInfo \&gt;" alt="" coords="1991,792,2212,819">
<area shape="rect" href="$classMeCab_1_1scoped__string.html" title="MeCab::scoped_string" alt="" coords="2025,327,2177,353">
<area shape="rect" href="$classMeCab_1_1scoped__array.html" title="MeCab::scoped_array\&lt; char \&gt;" alt="" coords="1333,321,1531,348">
<area shape="rect" href="$classMeCab_1_1FreeList.html" title="MeCab::FreeList\&lt; Node \&gt;" alt="" coords="2016,528,2187,555">
<area shape="rect" href="$classMeCab_1_1Darts_1_1DoubleArrayImpl.html" title="MeCab::Darts::DoubleArrayImpl\&lt; char, unsigned char, int, unsigned int \&gt;" alt="" coords="1212,423,1652,449">
<area shape="rect" href="$structMeCab_1_1CharInfo.html" title="MeCab::CharInfo" alt="" coords="1372,720,1492,747">
<area shape="rect" href="$classMeCab_1_1scoped__ptr.html" title="MeCab::scoped_ptr\&lt; FreeList\&lt; Path \&gt; \&gt;" alt="" coords="2440,1216,2696,1243">
<area shape="rect" href="$classMeCab_1_1FreeList.html" title="MeCab::FreeList\&lt; Path \&gt;" alt="" coords="2017,1224,2185,1251">
<area shape="rect" href="$classMeCab_1_1FreeList.html" title="MeCab::FreeList\&lt; N \&gt;" alt="" coords="2027,1008,2176,1035">
<area shape="rect" href="$classMeCab_1_1scoped__ptr.html" title="MeCab::scoped_ptr\&lt; NBestGenerator \&gt;" alt="" coords="2825,1227,3076,1253">
<area shape="rect" href="$classMeCab_1_1NBestGenerator.html" title="MeCab::NBestGenerator" alt="" coords="2487,1272,2649,1299">
<area shape="rect" href="$classMeCab_1_1FreeList.html" title="MeCab::FreeList\&lt; QueueElement \&gt;" alt="" coords="1988,1275,2215,1301">
<area shape="rect" href="$classMeCab_1_1StringBuffer.html" title="MeCab::StringBuffer" alt="" coords="2881,1139,3020,1165">
