<area shape="rect" href="$classMeCab_1_1FeatureIndex.html" title="MeCab::FeatureIndex" alt="" coords="1564,165,1711,192">
<area shape="rect" href="$classMeCab_1_1DictionaryRewriter.html" title="MeCab::DictionaryRewriter" alt="" coords="600,40,776,67">
<area shape="rect" href="$classMeCab_1_1RewriteRules.html" title="MeCab::RewriteRules" alt="" coords="5,40,152,67">
<area shape="rect" href="$classMeCab_1_1ChunkFreeList.html" title="MeCab::ChunkFreeList\&lt; char \&gt;" alt="" coords="587,91,789,117">
<area shape="rect" href="$classMeCab_1_1ChunkFreeList.html" title="MeCab::ChunkFreeList\&lt; int \&gt;" alt="" coords="592,141,784,168">
<area shape="rect" href="$structMeCab_1_1whatlog.html" title="MeCab::whatlog" alt="" coords="631,513,745,540">
<area shape="rect" href="$classMeCab_1_1TokenizerImpl.html" title="MeCab::TokenizerImpl\&lt; N, P \&gt;" alt="" coords="2652,511,2852,537">
<area shape="rect" href="$classMeCab_1_1Dictionary.html" title="MeCab::Dictionary" alt="" coords="2243,612,2371,639">
<area shape="rect" href="$classMeCab_1_1Mmap.html" title="MeCab::Mmap\&lt; char \&gt;" alt="" coords="1560,685,1715,712">
<area shape="rect" href="$classMeCab_1_1CharProperty.html" title="MeCab::CharProperty" alt="" coords="2233,727,2380,753">
<area shape="rect" href="$classMeCab_1_1StringBuffer.html" title="MeCab::StringBuffer" alt="" coords="619,192,757,219">
<area shape="rect" href="$classMeCab_1_1scoped__string.html" title="MeCab::scoped_string" alt="" coords="2231,349,2383,376">
<area shape="rect" href="$classMeCab_1_1scoped__array.html" title="MeCab::scoped_array\&lt; char \&gt;" alt="" coords="1539,349,1736,376">
<area shape="rect" href="$classMeCab_1_1FreeList.html" title="MeCab::FreeList\&lt; LearnerPath \&gt;" alt="" coords="2647,393,2857,420">
<area shape="rect" href="$classMeCab_1_1scoped__array.html" title="MeCab::scoped_array\&lt; Dictionary::result_type \&gt;" alt="" coords="2156,460,2457,487">
<area shape="rect" href="$structMeCab_1_1Darts_1_1DoubleArrayImpl_1_1result__pair__type.html" title="MeCab::Darts::DoubleArrayImpl\&lt; node_type_, node_u_type_, array_type_, array_u_type_, length_func_ \&gt;::DoubleArrayImpl::result_pair_type" alt="" coords="1219,460,2056,487">
<area shape="rect" href="$classMeCab_1_1FreeList.html" title="MeCab::FreeList\&lt; DictionaryInfo \&gt;" alt="" coords="2196,511,2417,537">
<area shape="rect" href="$classMeCab_1_1FreeList.html" title="MeCab::FreeList\&lt; N \&gt;" alt="" coords="2232,561,2381,588">
<area shape="rect" href="$classMeCab_1_1Darts_1_1DoubleArrayImpl.html" title="MeCab::Darts::DoubleArrayImpl\&lt; char, unsigned char, int, unsigned int \&gt;" alt="" coords="1417,625,1857,652">
<area shape="rect" href="$structMeCab_1_1CharInfo.html" title="MeCab::CharInfo" alt="" coords="1577,819,1697,845">
