<area shape="rect" href="$classMeCab_1_1FeatureIndex.html" title="MeCab::FeatureIndex" alt="" coords="1367,131,1513,157">
<area shape="rect" href="$classMeCab_1_1DictionaryRewriter.html" title="MeCab::DictionaryRewriter" alt="" coords="600,107,776,133">
<area shape="rect" href="$classMeCab_1_1RewriteRules.html" title="MeCab::RewriteRules" alt="" coords="5,107,152,133">
<area shape="rect" href="$classMeCab_1_1ChunkFreeList.html" title="MeCab::ChunkFreeList\&lt; char \&gt;" alt="" coords="587,157,789,184">
<area shape="rect" href="$classMeCab_1_1ChunkFreeList.html" title="MeCab::ChunkFreeList\&lt; int \&gt;" alt="" coords="592,5,784,32">
<area shape="rect" href="$structMeCab_1_1whatlog.html" title="MeCab::whatlog" alt="" coords="631,237,745,264">
<area shape="rect" href="$classMeCab_1_1Mmap.html" title="MeCab::Mmap\&lt; char \&gt;" alt="" coords="1363,260,1517,287">
<area shape="rect" href="$classMeCab_1_1StringBuffer.html" title="MeCab::StringBuffer" alt="" coords="619,56,757,83">
<area shape="rect" href="$classMeCab_1_1Darts_1_1DoubleArrayImpl.html" title="MeCab::Darts::DoubleArrayImpl\&lt; char, unsigned char, int, unsigned int \&gt;" alt="" coords="1220,337,1660,364">
