<area shape="rect" href="$param_8h.html" title="source/libmecab/param.h" alt="" coords="1661,229,1829,256">
<area shape="rect" href="$char__property_8cpp.html" title="source/libmecab/char_property.cpp" alt="" coords="1929,379,2153,405">
<area shape="rect" href="$connector_8cpp.html" title="source/libmecab/connector.cpp" alt="" coords="917,379,1117,405">
<area shape="rect" href="$dictionary_8cpp.html" title="source/libmecab/dictionary.cpp" alt="" coords="2348,379,2548,405">
<area shape="rect" href="$dictionary__generator_8cpp.html" title="source/libmecab/dictionary_generator.cpp" alt="" coords="3472,379,3733,405">
<area shape="rect" href="$eval_8cpp.html" title="source/libmecab/eval.cpp" alt="" coords="915,304,1083,331">
<area shape="rect" href="$feature__index_8cpp.html" title="source/libmecab/feature_index.cpp" alt="" coords="4099,379,4323,405">
<area shape="rect" href="$learner_8cpp.html" title="source/libmecab/learner.cpp" alt="" coords="4268,453,4452,480">
<area shape="rect" href="$param_8cpp.html" title="source/libmecab/param.cpp" alt="" coords="1107,304,1288,331">
<area shape="rect" href="$tagger_8cpp.html" title="source/libmecab/tagger.cpp" alt="" coords="1403,453,1581,480">
<area shape="rect" href="$libmecab_2tokenizer_8cpp.html" title="source/libmecab/tokenizer.cpp" alt="" coords="2161,453,2359,480">
<area shape="rect" href="$utils_8cpp.html" title="source/libmecab/utils.cpp" alt="" coords="1312,304,1480,331">
<area shape="rect" href="$viterbi_8cpp.html" title="source/libmecab/viterbi.cpp" alt="" coords="2119,528,2297,555">
<area shape="rect" href="$writer_8cpp.html" title="source/libmecab/writer.cpp" alt="" coords="1960,304,2136,331">
<area shape="rect" href="$mutex_8h.html" title="source/libmecab/mutex.h" alt="" coords="1048,229,1216,256">
<area shape="rect" href="$string__buffer_8h.html" title="source/libmecab/string_buffer.h" alt="" coords="1161,155,1361,181">
<area shape="rect" href="$feature__index_8h.html" title="source/libmecab/feature_index.h" alt="" coords="4349,304,4557,331">
<area shape="rect" href="$learner__tagger_8cpp.html" title="source/libmecab/learner_tagger.cpp" alt="" coords="4811,453,5037,480">
<area shape="rect" href="$string__buffer_8cpp.html" title="source/libmecab/string_buffer.cpp" alt="" coords="656,229,872,256">
<area shape="rect" href="$utils_8h.html" title="source/libmecab/utils.h" alt="" coords="2776,80,2931,107">
<area shape="rect" href="$libmecab_2iconv__utils_8cpp.html" title="source/libmecab/iconv_utils.cpp" alt="" coords="3400,229,3608,256">
<area shape="rect" href="$freelist_8h.html" title="source/libmecab/freelist.h" alt="" coords="4112,155,4283,181">
<area shape="rect" href="$dictionary__rewriter_8h.html" title="source/libmecab/dictionary_rewriter.h" alt="" coords="4285,229,4520,256">
<area shape="rect" href="$dictionary__rewriter_8cpp.html" title="source/libmecab/dictionary_rewriter.cpp" alt="" coords="4683,304,4931,331">
<area shape="rect" href="$test__csv__convert_8cpp.html" title="Executable to convert dictionary CSV file from source pattern to destination pattern..." alt="" coords="4955,304,5171,331">
<area shape="rect" href="$learner__node_8h.html" title="source/libmecab/learner_node.h" alt="" coords="5025,155,5231,181">
<area shape="rect" href="$mmap_8h.html" title="source/libmecab/mmap.h" alt="" coords="2536,229,2704,256">
<area shape="rect" href="$connector_8h.html" title="source/libmecab/connector.h" alt="" coords="141,229,328,256">
<area shape="rect" href="$lbfgs_8cpp.html" title="source/libmecab/lbfgs.cpp" alt="" coords="5499,80,5672,107">
<area shape="rect" href="$dictionary__compiler_8cpp.html" title="source/libmecab/dictionary_compiler.cpp" alt="" coords="2992,304,3248,331">
<area shape="rect" href="$jma__knowledge_8cpp.html" title="Implementation of class JMA_Knowledge." alt="" coords="2160,304,2360,331">
<area shape="rect" href="$mempool_8h.html" title="source/libmecab/mempool.h" alt="" coords="504,304,688,331">
<area shape="rect" href="$libmecab_8cpp.html" title="source/libmecab/libmecab.cpp" alt="" coords="2803,379,3000,405">
<area shape="rect" href="$writer_8h.html" title="source/libmecab/writer.h" alt="" coords="2301,229,2461,256">
<area shape="rect" href="$learner__tagger_8h.html" title="source/libmecab/learner_tagger.h" alt="" coords="4397,379,4608,405">
<area shape="rect" href="$char__property_8h.html" title="source/libmecab/char_property.h" alt="" coords="3027,155,3235,181">
<area shape="rect" href="$context__id_8cpp.html" title="source/libmecab/context_id.cpp" alt="" coords="2560,155,2765,181">
<area shape="rect" href="$dictionary_8h.html" title="source/libmecab/dictionary.h" alt="" coords="3037,229,3224,256">
<area shape="rect" href="$libmecab_2tokenizer_8h.html" title="source/libmecab/tokenizer.h" alt="" coords="3373,304,3557,331">
<area shape="rect" href="$viterbi_8h.html" title="source/libmecab/viterbi.h" alt="" coords="3808,379,3973,405">
<area shape="rect" href="$jma__analyzer_8cpp.html" title="Implementation of class JMA_Analyzer." alt="" coords="3261,379,3448,405">
<area shape="rect" href="$src_2tokenizer_8cpp.html" title="Tokenizer tokenizes a raw input string in specific encoding to a sequence of characters..." alt="" coords="3075,379,3237,405">
<area shape="rect" href="$viterbisub_8h.html" title="source/libmecab/viterbisub.h" alt="" coords="2704,453,2891,480">
<area shape="rect" href="$nbest__generator_8h.html" title="source/libmecab/nbest_generator.h" alt="" coords="3936,229,4160,256">
<area shape="rect" href="$nbest__generator_8cpp.html" title="source/libmecab/nbest_generator.cpp" alt="" coords="3936,304,4173,331">
