<area shape="rect" href="$common_8h.html" title="common.h" alt="" coords="733,379,816,405">
<area shape="rect" href="$utils_8h.html" title="utils.h" alt="" coords="1109,304,1165,331">
<area shape="rect" href="$mecab_8h.html" title="mecab.h" alt="" coords="1236,229,1308,256">
<area shape="rect" href="$param_8h.html" title="param.h" alt="" coords="512,304,579,331">
<area shape="rect" href="$mmap_8h.html" title="mmap.h" alt="" coords="291,155,357,181">
<area shape="rect" href="$feature__index_8h.html" title="feature_index.h" alt="" coords="697,80,807,107">
<area shape="rect" href="$dictionary__rewriter_8h.html" title="dictionary_rewriter.h" alt="" coords="825,155,961,181">
<area shape="rect" href="$context__id_8h.html" title="context_id.h" alt="" coords="195,304,285,331">
<area shape="rect" href="$dictionary_8h.html" title="dictionary.h" alt="" coords="1312,155,1400,181">
<area shape="rect" href="$char__property_8h.html" title="char_property.h" alt="" coords="1383,229,1492,256">
<area shape="rect" href="$scoped__ptr_8h.html" title="scoped_ptr.h" alt="" coords="563,379,659,405">
<area shape="rect" href="$darts_8h.html" title="darts.h" alt="" coords="1249,304,1311,331">
<area shape="rect" href="$freelist_8h.html" title="freelist.h" alt="" coords="963,229,1035,256">
<area shape="rect" href="$string__buffer_8h.html" title="string_buffer.h" alt="" coords="685,229,787,256">
<area shape="rect" href="$ucs_8h.html" title="ucs.h" alt="" coords="1417,304,1471,331">
<area shape="rect" href="$ucstable_8h.html" title="ucstable.h" alt="" coords="1404,379,1484,405">
