<area shape="rect" href="$dictionary_8cpp.html" title="source/libmecab/dictionary.cpp" alt="" coords="5,80,205,107">
<area shape="rect" href="$dictionary__compiler_8cpp.html" title="source/libmecab/dictionary_compiler.cpp" alt="" coords="229,80,485,107">
<area shape="rect" href="$feature__index_8h.html" title="source/libmecab/feature_index.h" alt="" coords="560,80,768,107">
<area shape="rect" href="$dictionary__generator_8cpp.html" title="source/libmecab/dictionary_generator.cpp" alt="" coords="267,155,528,181">
<area shape="rect" href="$dictionary__rewriter_8cpp.html" title="source/libmecab/dictionary_rewriter.cpp" alt="" coords="792,80,1040,107">
<area shape="rect" href="$test__csv__convert_8cpp.html" title="Executable to convert dictionary CSV file from source pattern to destination pattern..." alt="" coords="1064,80,1280,107">
<area shape="rect" href="$feature__index_8cpp.html" title="source/libmecab/feature_index.cpp" alt="" coords="552,155,776,181">
<area shape="rect" href="$learner__tagger_8h.html" title="source/libmecab/learner_tagger.h" alt="" coords="851,155,1061,181">
<area shape="rect" href="$learner_8cpp.html" title="source/libmecab/learner.cpp" alt="" coords="721,229,905,256">
<area shape="rect" href="$learner__tagger_8cpp.html" title="source/libmecab/learner_tagger.cpp" alt="" coords="929,229,1156,256">
