<area shape="rect" href="$mecab_8h.html" title="mecab.h" alt="" coords="684,155,756,181">
<area shape="rect" href="$dictionary__rewriter_8h.html" title="dictionary_rewriter.h" alt="" coords="435,80,571,107">
<area shape="rect" href="$char__property_8h.html" title="char_property.h" alt="" coords="836,155,945,181">
<area shape="rect" href="$param_8h.html" title="param.h" alt="" coords="245,229,312,256">
<area shape="rect" href="$connector_8h.html" title="connector.h" alt="" coords="595,80,683,107">
<area shape="rect" href="$dictionary_8h.html" title="dictionary.h" alt="" coords="757,80,845,107">
<area shape="rect" href="$common_8h.html" title="common.h" alt="" coords="435,304,517,331">
<area shape="rect" href="$freelist_8h.html" title="freelist.h" alt="" coords="588,155,660,181">
<area shape="rect" href="$utils_8h.html" title="utils.h" alt="" coords="773,229,829,256">
<area shape="rect" href="$ucs_8h.html" title="ucs.h" alt="" coords="1003,229,1056,256">
<area shape="rect" href="$ucstable_8h.html" title="ucstable.h" alt="" coords="1027,304,1107,331">
<area shape="rect" href="$libmecab_2scoped__ptr_8h.html" title="scoped_ptr.h" alt="" coords="315,304,411,331">
<area shape="rect" href="$darts_8h.html" title="darts.h" alt="" coords="880,229,941,256">
