<area shape="rect" href="$dictionary_8cpp.html" title="source/libmecab/dictionary.cpp" alt="" coords="5,80,205,107">
<area shape="rect" href="$dictionary__compiler_8cpp.html" title="source/libmecab/dictionary_compiler.cpp" alt="" coords="229,80,485,107">
<area shape="rect" href="$dictionary__generator_8cpp.html" title="source/libmecab/dictionary_generator.cpp" alt="" coords="509,80,771,107">
<area shape="rect" href="$libmecab_2tokenizer_8h.html" title="source/libmecab/tokenizer.h" alt="" coords="795,80,979,107">
<area shape="rect" href="$jma__knowledge_8cpp.html" title="Implementation of class JMA_Knowledge." alt="" coords="1003,80,1203,107">
<area shape="rect" href="$learner__tagger_8h.html" title="source/libmecab/learner_tagger.h" alt="" coords="357,155,568,181">
<area shape="rect" href="$libmecab_8cpp.html" title="source/libmecab/libmecab.cpp" alt="" coords="592,155,789,181">
<area shape="rect" href="$viterbi_8h.html" title="source/libmecab/viterbi.h" alt="" coords="864,155,1029,181">
<area shape="rect" href="$libmecab_2tokenizer_8cpp.html" title="source/libmecab/tokenizer.cpp" alt="" coords="636,229,833,256">
<area shape="rect" href="$jma__analyzer_8cpp.html" title="Implementation of class JMA_Analyzer." alt="" coords="1053,155,1240,181">
<area shape="rect" href="$src_2tokenizer_8cpp.html" title="Tokenizer tokenizes a raw input string in specific encoding to a sequence of characters..." alt="" coords="1264,155,1427,181">
<area shape="rect" href="$learner_8cpp.html" title="source/libmecab/learner.cpp" alt="" coords="160,229,344,256">
<area shape="rect" href="$learner__tagger_8cpp.html" title="source/libmecab/learner_tagger.cpp" alt="" coords="368,229,595,256">
<area shape="rect" href="$tagger_8cpp.html" title="source/libmecab/tagger.cpp" alt="" coords="857,229,1036,256">
<area shape="rect" href="$viterbi_8cpp.html" title="source/libmecab/viterbi.cpp" alt="" coords="1049,304,1228,331">
<area shape="rect" href="$viterbisub_8h.html" title="source/libmecab/viterbisub.h" alt="" coords="1111,229,1297,256">
