<area shape="rect" href="$param_8h.html" title="param.h" alt="" coords="519,304,585,331">
<area shape="rect" href="$libmecab_2scoped__ptr_8h.html" title="scoped_ptr.h" alt="" coords="620,379,716,405">
<area shape="rect" href="$common_8h.html" title="common.h" alt="" coords="821,379,904,405">
<area shape="rect" href="$dictionary_8h.html" title="dictionary.h" alt="" coords="1331,155,1419,181">
<area shape="rect" href="$utils_8h.html" title="utils.h" alt="" coords="1249,304,1305,331">
<area shape="rect" href="$mempool_8h.html" title="mempool.h" alt="" coords="257,80,343,107">
<area shape="rect" href="$dictionary__rewriter_8h.html" title="dictionary_rewriter.h" alt="" coords="589,155,725,181">
<area shape="rect" href="$connector_8h.html" title="connector.h" alt="" coords="993,155,1081,181">
<area shape="rect" href="$context__id_8h.html" title="context_id.h" alt="" coords="201,304,292,331">
<area shape="rect" href="$libmecab_2iconv__utils_8h.html" title="iconv_utils.h" alt="" coords="1381,80,1475,107">
<area shape="rect" href="$writer_8h.html" title="writer.h" alt="" coords="833,155,895,181">
<area shape="rect" href="$mmap_8h.html" title="mmap.h" alt="" coords="9,304,76,331">
<area shape="rect" href="$mecab_8h.html" title="mecab.h" alt="" coords="1001,229,1073,256">
<area shape="rect" href="$darts_8h.html" title="darts.h" alt="" coords="1329,304,1391,331">
<area shape="rect" href="$char__property_8h.html" title="char_property.h" alt="" coords="1397,229,1507,256">
<area shape="rect" href="$ucs_8h.html" title="ucs.h" alt="" coords="1437,304,1491,331">
<area shape="rect" href="$ucstable_8h.html" title="ucstable.h" alt="" coords="1435,379,1515,405">
<area shape="rect" href="$mutex_8h.html" title="mutex.h" alt="" coords="499,155,565,181">
<area shape="rect" href="$string__buffer_8h.html" title="string_buffer.h" alt="" coords="825,229,927,256">
<area shape="rect" href="$freelist_8h.html" title="freelist.h" alt="" coords="1148,229,1220,256">
