<area shape="rect" href="$param_8h.html" title="param.h" alt="" coords="483,304,549,331">
<area shape="rect" href="$common_8h.html" title="common.h" alt="" coords="697,379,780,405">
<area shape="rect" href="$utils_8h.html" title="utils.h" alt="" coords="1163,304,1219,331">
<area shape="rect" href="$learner__node_8h.html" title="learner_node.h" alt="" coords="1075,155,1181,181">
<area shape="rect" href="$feature__index_8h.html" title="feature_index.h" alt="" coords="649,80,759,107">
<area shape="rect" href="$string__buffer_8h.html" title="string_buffer.h" alt="" coords="499,229,600,256">
<area shape="rect" href="$scoped__ptr_8h.html" title="scoped_ptr.h" alt="" coords="565,379,661,405">
<area shape="rect" href="$mecab_8h.html" title="mecab.h" alt="" coords="827,229,899,256">
<area shape="rect" href="$mmap_8h.html" title="mmap.h" alt="" coords="189,304,256,331">
<area shape="rect" href="$darts_8h.html" title="darts.h" alt="" coords="1428,304,1489,331">
<area shape="rect" href="$freelist_8h.html" title="freelist.h" alt="" coords="1077,229,1149,256">
<area shape="rect" href="$dictionary__rewriter_8h.html" title="dictionary_rewriter.h" alt="" coords="689,155,825,181">
