<area shape="rect" href="$dictionary__rewriter_8h.html" title="source/libmecab/dictionary_rewriter.h" alt="" coords="567,80,801,107">
<area shape="rect" href="$feature__index_8h.html" title="source/libmecab/feature_index.h" alt="" coords="1072,155,1280,181">
<area shape="rect" href="$learner__tagger_8h.html" title="source/libmecab/learner_tagger.h" alt="" coords="1355,229,1565,256">
<area shape="rect" href="$learner_8cpp.html" title="source/libmecab/learner.cpp" alt="" coords="1181,304,1365,331">
<area shape="rect" href="$libmecab_2tokenizer_8h.html" title="source/libmecab/tokenizer.h" alt="" coords="1724,80,1908,107">
<area shape="rect" href="$viterbi_8h.html" title="source/libmecab/viterbi.h" alt="" coords="2125,155,2291,181">
<area shape="rect" href="$nbest__generator_8h.html" title="source/libmecab/nbest_generator.h" alt="" coords="2219,80,2443,107">
<area shape="rect" href="$dictionary_8cpp.html" title="source/libmecab/dictionary.cpp" alt="" coords="5,155,205,181">
<area shape="rect" href="$dictionary__compiler_8cpp.html" title="source/libmecab/dictionary_compiler.cpp" alt="" coords="229,155,485,181">
<area shape="rect" href="$dictionary__generator_8cpp.html" title="source/libmecab/dictionary_generator.cpp" alt="" coords="556,229,817,256">
<area shape="rect" href="$dictionary__rewriter_8cpp.html" title="source/libmecab/dictionary_rewriter.cpp" alt="" coords="560,155,808,181">
<area shape="rect" href="$test__csv__convert_8cpp.html" title="Executable to convert dictionary CSV file from source pattern to destination pattern..." alt="" coords="832,155,1048,181">
<area shape="rect" href="$feature__index_8cpp.html" title="source/libmecab/feature_index.cpp" alt="" coords="1056,229,1280,256">
<area shape="rect" href="$learner__tagger_8cpp.html" title="source/libmecab/learner_tagger.cpp" alt="" coords="1389,304,1616,331">
<area shape="rect" href="$libmecab_8cpp.html" title="source/libmecab/libmecab.cpp" alt="" coords="1904,155,2101,181">
<area shape="rect" href="$libmecab_2tokenizer_8cpp.html" title="source/libmecab/tokenizer.cpp" alt="" coords="1765,229,1963,256">
<area shape="rect" href="$jma__analyzer_8cpp.html" title="Implementation of class JMA_Analyzer." alt="" coords="1405,155,1592,181">
<area shape="rect" href="$src_2tokenizer_8cpp.html" title="Tokenizer tokenizes a raw input string in specific encoding to a sequence of characters..." alt="" coords="1616,155,1779,181">
<area shape="rect" href="$tagger_8cpp.html" title="source/libmecab/tagger.cpp" alt="" coords="2248,229,2427,256">
<area shape="rect" href="$viterbi_8cpp.html" title="source/libmecab/viterbi.cpp" alt="" coords="2056,304,2235,331">
<area shape="rect" href="$viterbisub_8h.html" title="source/libmecab/viterbisub.h" alt="" coords="1987,229,2173,256">
<area shape="rect" href="$nbest__generator_8cpp.html" title="source/libmecab/nbest_generator.cpp" alt="" coords="2368,155,2605,181">
