<area shape="rect" href="$jma__knowledge_8h.html" title="Definition of class JMA_Knowledge." alt="" coords="203,155,323,181">
<area shape="rect" href="$sentence_8h.html" title="Definition of class Sentence." alt="" coords="489,229,575,256">
<area shape="rect" href="$dictionary_8h.html" title="dictionary.h" alt="" coords="1360,80,1448,107">
<area shape="rect" href="$mecab_8h.html" title="mecab.h" alt="" coords="1580,155,1652,181">
<area shape="rect" href="$strutil_8h.html" title="strutil.h" alt="" coords="901,304,965,331">
<area shape="rect" href="$param_8h.html" title="param.h" alt="" coords="780,229,847,256">
<area shape="rect" href="$knowledge_8h.html" title="Definition of class Knowledge." alt="" coords="45,304,139,331">
<area shape="rect" href="$generic__array_8h.html" title="generic_array.h" alt="" coords="325,304,435,331">
<area shape="rect" href="$jma__ctype_8h.html" title="JMA_CType gives the character type information." alt="" coords="20,229,111,256">
<area shape="rect" href="$pos__table_8h.html" title="Definition of class POSTable." alt="" coords="213,304,301,331">
<area shape="rect" href="$darts_8h.html" title="darts.h" alt="" coords="1349,304,1411,331">
<area shape="rect" href="$char__property_8h.html" title="char_property.h" alt="" coords="1396,155,1505,181">
<area shape="rect" href="$ucs_8h.html" title="ucs.h" alt="" coords="1439,229,1492,256">
<area shape="rect" href="$utils_8h.html" title="utils.h" alt="" coords="1225,229,1281,256">
<area shape="rect" href="$ucstable_8h.html" title="ucstable.h" alt="" coords="1536,304,1616,331">
<area shape="rect" href="$common_8h.html" title="common.h" alt="" coords="1192,304,1275,331">
<area shape="rect" href="$scoped__ptr_8h.html" title="scoped_ptr.h" alt="" coords="680,304,776,331">
