<area shape="rect" href="$jma__analyzer_8h.html" title="Definition of class JMA_Analyzer." alt="" coords="819,155,925,181">
<area shape="rect" href="$jma__knowledge_8h.html" title="Definition of class JMA_Knowledge." alt="" coords="1308,155,1428,181">
<area shape="rect" href="$pos__table_8h.html" title="Definition of class POSTable." alt="" coords="1183,229,1271,256">
<area shape="rect" href="$libmecab_2tokenizer_8h.html" title="tokenizer.h" alt="" coords="640,80,723,107">
<area shape="rect" href="$analyzer_8h.html" title="Definition of class Analyzer." alt="" coords="907,304,987,331">
<area shape="rect" href="$sentence_8h.html" title="Definition of class Sentence." alt="" coords="988,229,1073,256">
<area shape="rect" href="$mecab_8h.html" title="mecab.h" alt="" coords="763,229,835,256">
<area shape="rect" href="$knowledge_8h.html" title="Definition of class Knowledge." alt="" coords="1416,304,1509,331">
<area shape="rect" href="$generic__array_8h.html" title="generic_array.h" alt="" coords="1283,304,1392,331">
<area shape="rect" href="$jma__ctype_8h.html" title="JMA_CType gives the character type information." alt="" coords="1469,229,1560,256">
<area shape="rect" href="$freelist_8h.html" title="freelist.h" alt="" coords="401,229,473,256">
<area shape="rect" href="$dictionary_8h.html" title="dictionary.h" alt="" coords="600,155,688,181">
<area shape="rect" href="$char__property_8h.html" title="char_property.h" alt="" coords="497,229,607,256">
<area shape="rect" href="$scoped__ptr_8h.html" title="scoped_ptr.h" alt="" coords="811,379,907,405">
<area shape="rect" href="$utils_8h.html" title="utils.h" alt="" coords="429,304,485,331">
<area shape="rect" href="$common_8h.html" title="common.h" alt="" coords="296,379,379,405">
<area shape="rect" href="$darts_8h.html" title="darts.h" alt="" coords="587,304,648,331">
<area shape="rect" href="$ucs_8h.html" title="ucs.h" alt="" coords="509,304,563,331">
<area shape="rect" href="$ucstable_8h.html" title="ucstable.h" alt="" coords="605,379,685,405">
