<area shape="rect" href="$learner__node_8h.html" title="learner_node.h" alt="" coords="445,229,552,256">
<area shape="rect" href="$common_8h.html" title="common.h" alt="" coords="573,453,656,480">
<area shape="rect" href="$utils_8h.html" title="utils.h" alt="" coords="933,379,989,405">
<area shape="rect" href="$learner__tagger_8h.html" title="learner_tagger.h" alt="" coords="997,80,1109,107">
<area shape="rect" href="$mecab_8h.html" title="mecab.h" alt="" coords="597,304,669,331">
<area shape="rect" href="$freelist_8h.html" title="freelist.h" alt="" coords="1041,304,1113,331">
<area shape="rect" href="$feature__index_8h.html" title="feature_index.h" alt="" coords="845,155,955,181">
<area shape="rect" href="$libmecab_2tokenizer_8h.html" title="tokenizer.h" alt="" coords="1168,155,1251,181">
<area shape="rect" href="$libmecab_2scoped__ptr_8h.html" title="scoped_ptr.h" alt="" coords="1355,229,1451,256">
<area shape="rect" href="$mmap_8h.html" title="mmap.h" alt="" coords="253,379,320,405">
<area shape="rect" href="$darts_8h.html" title="darts.h" alt="" coords="1317,379,1379,405">
<area shape="rect" href="$string__buffer_8h.html" title="string_buffer.h" alt="" coords="744,304,845,331">
<area shape="rect" href="$dictionary__rewriter_8h.html" title="dictionary_rewriter.h" alt="" coords="779,229,915,256">
<area shape="rect" href="$dictionary_8h.html" title="dictionary.h" alt="" coords="1243,229,1331,256">
<area shape="rect" href="$char__property_8h.html" title="char_property.h" alt="" coords="1395,304,1504,331">
<area shape="rect" href="$ucs_8h.html" title="ucs.h" alt="" coords="1460,379,1513,405">
<area shape="rect" href="$ucstable_8h.html" title="ucstable.h" alt="" coords="1453,453,1533,480">
