<area shape="rect" href="$param_8h.html" title="param.h" alt="" coords="1304,379,1371,405">
<area shape="rect" href="$common_8h.html" title="common.h" alt="" coords="831,453,913,480">
<area shape="rect" href="$lbfgs_8h.html" title="lbfgs.h" alt="" coords="9,379,68,405">
<area shape="rect" href="$utils_8h.html" title="utils.h" alt="" coords="231,379,287,405">
<area shape="rect" href="$thread_8h.html" title="thread.h" alt="" coords="1643,80,1709,107">
<area shape="rect" href="$learner__tagger_8h.html" title="learner_tagger.h" alt="" coords="619,80,731,107">
<area shape="rect" href="$freelist_8h.html" title="freelist.h" alt="" coords="337,304,409,331">
<area shape="rect" href="$feature__index_8h.html" title="feature_index.h" alt="" coords="877,155,987,181">
<area shape="rect" href="$string__buffer_8h.html" title="string_buffer.h" alt="" coords="1176,304,1277,331">
<area shape="rect" href="$libmecab_2scoped__ptr_8h.html" title="scoped_ptr.h" alt="" coords="1083,453,1179,480">
<area shape="rect" href="$mecab_8h.html" title="mecab.h" alt="" coords="611,304,683,331">
<area shape="rect" href="$libmecab_2tokenizer_8h.html" title="tokenizer.h" alt="" coords="492,155,575,181">
<area shape="rect" href="$mmap_8h.html" title="mmap.h" alt="" coords="1112,379,1179,405">
<area shape="rect" href="$darts_8h.html" title="darts.h" alt="" coords="463,379,524,405">
<area shape="rect" href="$dictionary__rewriter_8h.html" title="dictionary_rewriter.h" alt="" coords="864,229,1000,256">
<area shape="rect" href="$dictionary_8h.html" title="dictionary.h" alt="" coords="448,229,536,256">
<area shape="rect" href="$char__property_8h.html" title="char_property.h" alt="" coords="204,304,313,331">
<area shape="rect" href="$ucs_8h.html" title="ucs.h" alt="" coords="97,379,151,405">
<area shape="rect" href="$ucstable_8h.html" title="ucstable.h" alt="" coords="76,453,156,480">
