<area shape="rect" href="$mecab_8h.html" title="mecab.h" alt="" coords="91,229,163,256">
<area shape="rect" href="$freelist_8h.html" title="freelist.h" alt="" coords="629,229,701,256">
<area shape="rect" href="$feature__index_8h.html" title="feature_index.h" alt="" coords="712,80,821,107">
<area shape="rect" href="$libmecab_2tokenizer_8h.html" title="tokenizer.h" alt="" coords="280,80,363,107">
<area shape="rect" href="$scoped__ptr_8h.html" title="scoped_ptr.h" alt="" coords="357,155,453,181">
<area shape="rect" href="$utils_8h.html" title="utils.h" alt="" coords="689,304,745,331">
<area shape="rect" href="$common_8h.html" title="common.h" alt="" coords="943,379,1025,405">
<area shape="rect" href="$mmap_8h.html" title="mmap.h" alt="" coords="1089,304,1156,331">
<area shape="rect" href="$darts_8h.html" title="darts.h" alt="" coords="389,304,451,331">
<area shape="rect" href="$string__buffer_8h.html" title="string_buffer.h" alt="" coords="1023,229,1124,256">
<area shape="rect" href="$dictionary__rewriter_8h.html" title="dictionary_rewriter.h" alt="" coords="731,155,867,181">
<area shape="rect" href="$dictionary_8h.html" title="dictionary.h" alt="" coords="195,155,283,181">
<area shape="rect" href="$char__property_8h.html" title="char_property.h" alt="" coords="237,229,347,256">
<area shape="rect" href="$ucs_8h.html" title="ucs.h" alt="" coords="237,304,291,331">
<area shape="rect" href="$ucstable_8h.html" title="ucstable.h" alt="" coords="201,379,281,405">
