<area shape="rect" href="$mecab_8h.html" title="mecab.h" alt="" coords="715,229,787,256">
<area shape="rect" href="$mutex_8h.html" title="mutex.h" alt="" coords="235,155,301,181">
<area shape="rect" href="$utils_8h.html" title="utils.h" alt="" coords="433,304,489,331">
<area shape="rect" href="$libmecab_2tokenizer_8h.html" title="tokenizer.h" alt="" coords="471,80,553,107">
<area shape="rect" href="$common_8h.html" title="common.h" alt="" coords="291,379,373,405">
<area shape="rect" href="$string__buffer_8h.html" title="string_buffer.h" alt="" coords="196,229,297,256">
<area shape="rect" href="$freelist_8h.html" title="freelist.h" alt="" coords="435,229,507,256">
<area shape="rect" href="$dictionary_8h.html" title="dictionary.h" alt="" coords="575,155,663,181">
<area shape="rect" href="$char__property_8h.html" title="char_property.h" alt="" coords="531,229,640,256">
<area shape="rect" href="$scoped__ptr_8h.html" title="scoped_ptr.h" alt="" coords="120,379,216,405">
<area shape="rect" href="$darts_8h.html" title="darts.h" alt="" coords="808,304,869,331">
<area shape="rect" href="$ucs_8h.html" title="ucs.h" alt="" coords="731,304,784,331">
<area shape="rect" href="$ucstable_8h.html" title="ucstable.h" alt="" coords="731,379,811,405">
