<area shape="rect" href="$libmecab_2tokenizer_8h.html" title="tokenizer.h" alt="" coords="380,155,463,181">
<area shape="rect" href="$utils_8h.html" title="utils.h" alt="" coords="265,379,321,405">
<area shape="rect" href="$common_8h.html" title="common.h" alt="" coords="559,453,641,480">
<area shape="rect" href="$darts_8h.html" title="darts.h" alt="" coords="20,379,81,405">
<area shape="rect" href="$scoped__ptr_8h.html" title="scoped_ptr.h" alt="" coords="692,453,788,480">
<area shape="rect" href="$viterbi_8h.html" title="viterbi.h" alt="" coords="388,80,455,107">
<area shape="rect" href="$connector_8h.html" title="connector.h" alt="" coords="627,229,715,256">
<area shape="rect" href="$param_8h.html" title="param.h" alt="" coords="840,379,907,405">
<area shape="rect" href="$mecab_8h.html" title="mecab.h" alt="" coords="480,304,552,331">
<area shape="rect" href="$freelist_8h.html" title="freelist.h" alt="" coords="240,304,312,331">
<area shape="rect" href="$dictionary_8h.html" title="dictionary.h" alt="" coords="363,229,451,256">
<area shape="rect" href="$char__property_8h.html" title="char_property.h" alt="" coords="336,304,445,331">
<area shape="rect" href="$ucs_8h.html" title="ucs.h" alt="" coords="364,379,417,405">
<area shape="rect" href="$ucstable_8h.html" title="ucstable.h" alt="" coords="455,453,535,480">
