<area shape="rect" href="$jma__analyzer_8h.html" title="Definition of class JMA_Analyzer." alt="" coords="315,80,509,107">
<area shape="rect" href="$test__jma__analyzer_8cpp.html" title="Test to create an instance of JMA_Analyzer." alt="" coords="59,155,277,181">
<area shape="rect" href="$connector_8h.html" title="source/libmecab/connector.h" alt="" coords="1109,80,1296,107">
<area shape="rect" href="$dictionary__compiler_8cpp.html" title="source/libmecab/dictionary_compiler.cpp" alt="" coords="1240,155,1496,181">
<area shape="rect" href="$tagger_8cpp.html" title="source/libmecab/tagger.cpp" alt="" coords="1943,304,2121,331">
<area shape="rect" href="$dictionary_8h.html" title="source/libmecab/dictionary.h" alt="" coords="1508,80,1695,107">
<area shape="rect" href="$dictionary__generator_8cpp.html" title="source/libmecab/dictionary_generator.cpp" alt="" coords="2177,229,2439,256">
<area shape="rect" href="$libmecab_2tokenizer_8h.html" title="source/libmecab/tokenizer.h" alt="" coords="656,155,840,181">
<area shape="rect" href="$learner__tagger_8h.html" title="source/libmecab/learner_tagger.h" alt="" coords="3267,229,3477,256">
<area shape="rect" href="$libmecab_8cpp.html" title="source/libmecab/libmecab.cpp" alt="" coords="405,229,603,256">
<area shape="rect" href="$viterbi_8h.html" title="source/libmecab/viterbi.h" alt="" coords="216,229,381,256">
<area shape="rect" href="$jma__knowledge_8cpp.html" title="Implementation of class JMA_Knowledge." alt="" coords="1571,155,1771,181">
<area shape="rect" href="$dictionary__rewriter_8h.html" title="source/libmecab/dictionary_rewriter.h" alt="" coords="2216,80,2451,107">
<area shape="rect" href="$feature__index_8h.html" title="source/libmecab/feature_index.h" alt="" coords="2933,155,3141,181">
<area shape="rect" href="$writer_8h.html" title="source/libmecab/writer.h" alt="" coords="1967,80,2127,107">
<area shape="rect" href="$eval_8cpp.html" title="source/libmecab/eval.cpp" alt="" coords="2824,80,2992,107">
<area shape="rect" href="$learner__node_8h.html" title="source/libmecab/learner_node.h" alt="" coords="4613,155,4819,181">
<area shape="rect" href="$mecab-cost-train_8cpp.html" title="source/libmecab/mecab&#45;cost&#45;train.cpp" alt="" coords="3067,80,3309,107">
<area shape="rect" href="$mecab-dict-gen_8cpp.html" title="source/libmecab/mecab&#45;dict&#45;gen.cpp" alt="" coords="3333,80,3568,107">
<area shape="rect" href="$mecab-dict-index_8cpp.html" title="source/libmecab/mecab&#45;dict&#45;index.cpp" alt="" coords="3592,80,3835,107">
<area shape="rect" href="$mecab-system-eval_8cpp.html" title="source/libmecab/mecab&#45;system&#45;eval.cpp" alt="" coords="3859,80,4117,107">
<area shape="rect" href="$mecab-test-gen_8cpp.html" title="source/libmecab/mecab&#45;test&#45;gen.cpp" alt="" coords="4141,80,4376,107">
<area shape="rect" href="$mecab_8cpp.html" title="source/libmecab/mecab.cpp" alt="" coords="4400,80,4584,107">
<area shape="rect" href="$nbest__generator_8cpp.html" title="source/libmecab/nbest_generator.cpp" alt="" coords="3216,155,3453,181">
<area shape="rect" href="$nbest__generator_8h.html" title="source/libmecab/nbest_generator.h" alt="" coords="2576,80,2800,107">
<area shape="rect" href="$utils_8cpp.html" title="source/libmecab/utils.cpp" alt="" coords="4709,80,4877,107">
<area shape="rect" href="$test__jma__knowledge_8cpp.html" title="Test to create an instance of JMA_Knowledge." alt="" coords="4901,80,5133,107">
<area shape="rect" href="$jma__analyzer_8cpp.html" title="Implementation of class JMA_Analyzer." alt="" coords="5,229,192,256">
<area shape="rect" href="$jma__factory_8cpp.html" title="Implementation of class JMA_Factory." alt="" coords="301,155,480,181">
<area shape="rect" href="$connector_8cpp.html" title="source/libmecab/connector.cpp" alt="" coords="965,155,1165,181">
<area shape="rect" href="$dictionary_8cpp.html" title="source/libmecab/dictionary.cpp" alt="" coords="1795,155,1995,181">
<area shape="rect" href="$libmecab_2tokenizer_8cpp.html" title="source/libmecab/tokenizer.cpp" alt="" coords="544,304,741,331">
<area shape="rect" href="$viterbi_8cpp.html" title="source/libmecab/viterbi.cpp" alt="" coords="337,379,516,405">
<area shape="rect" href="$src_2tokenizer_8cpp.html" title="Tokenizer tokenizes a raw input string in specific encoding to a sequence of characters..." alt="" coords="677,229,840,256">
<area shape="rect" href="$learner_8cpp.html" title="source/libmecab/learner.cpp" alt="" coords="3208,304,3392,331">
<area shape="rect" href="$learner__tagger_8cpp.html" title="source/libmecab/learner_tagger.cpp" alt="" coords="3925,304,4152,331">
<area shape="rect" href="$viterbisub_8h.html" title="source/libmecab/viterbisub.h" alt="" coords="333,304,520,331">
<area shape="rect" href="$dictionary__rewriter_8cpp.html" title="source/libmecab/dictionary_rewriter.cpp" alt="" coords="2371,155,2619,181">
<area shape="rect" href="$test__csv__convert_8cpp.html" title="Executable to convert dictionary CSV file from source pattern to destination pattern..." alt="" coords="2643,155,2859,181">
<area shape="rect" href="$feature__index_8cpp.html" title="source/libmecab/feature_index.cpp" alt="" coords="3977,229,4201,256">
<area shape="rect" href="$writer_8cpp.html" title="source/libmecab/writer.cpp" alt="" coords="2069,155,2245,181">
