<area shape="rect" href="$char__property_8cpp.html" title="source/libmecab/char_property.cpp" alt="" coords="5,80,229,107">
<area shape="rect" href="$connector_8cpp.html" title="source/libmecab/connector.cpp" alt="" coords="253,80,453,107">
<area shape="rect" href="$dictionary_8cpp.html" title="source/libmecab/dictionary.cpp" alt="" coords="477,80,677,107">
<area shape="rect" href="$dictionary__generator_8cpp.html" title="source/libmecab/dictionary_generator.cpp" alt="" coords="521,155,783,181">
<area shape="rect" href="$feature__index_8h.html" title="source/libmecab/feature_index.h" alt="" coords="815,80,1023,107">
<area shape="rect" href="$feature__index_8cpp.html" title="source/libmecab/feature_index.cpp" alt="" coords="807,155,1031,181">
<area shape="rect" href="$learner__tagger_8h.html" title="source/libmecab/learner_tagger.h" alt="" coords="1105,155,1316,181">
<area shape="rect" href="$learner_8cpp.html" title="source/libmecab/learner.cpp" alt="" coords="976,229,1160,256">
<area shape="rect" href="$learner__tagger_8cpp.html" title="source/libmecab/learner_tagger.cpp" alt="" coords="1184,229,1411,256">
