<area shape="rect" href="$char__property_8cpp.html" title="source/libmecab/char_property.cpp" alt="" coords="5,80,229,107">
<area shape="rect" href="$connector_8cpp.html" title="source/libmecab/connector.cpp" alt="" coords="253,80,453,107">
<area shape="rect" href="$dictionary_8cpp.html" title="source/libmecab/dictionary.cpp" alt="" coords="477,80,677,107">
<area shape="rect" href="$dictionary__compiler_8cpp.html" title="source/libmecab/dictionary_compiler.cpp" alt="" coords="701,80,957,107">
<area shape="rect" href="$dictionary__generator_8cpp.html" title="source/libmecab/dictionary_generator.cpp" alt="" coords="981,80,1243,107">
<area shape="rect" href="$eval_8cpp.html" title="source/libmecab/eval.cpp" alt="" coords="1267,80,1435,107">
<area shape="rect" href="$feature__index_8cpp.html" title="source/libmecab/feature_index.cpp" alt="" coords="1459,80,1683,107">
<area shape="rect" href="$learner_8cpp.html" title="source/libmecab/learner.cpp" alt="" coords="1707,80,1891,107">
<area shape="rect" href="$param_8cpp.html" title="source/libmecab/param.cpp" alt="" coords="1915,80,2096,107">
<area shape="rect" href="$tagger_8cpp.html" title="source/libmecab/tagger.cpp" alt="" coords="2120,80,2299,107">
<area shape="rect" href="$libmecab_2tokenizer_8cpp.html" title="source/libmecab/tokenizer.cpp" alt="" coords="2323,80,2520,107">
<area shape="rect" href="$utils_8cpp.html" title="source/libmecab/utils.cpp" alt="" coords="2544,80,2712,107">
<area shape="rect" href="$viterbi_8cpp.html" title="source/libmecab/viterbi.cpp" alt="" coords="2736,80,2915,107">
<area shape="rect" href="$writer_8cpp.html" title="source/libmecab/writer.cpp" alt="" coords="2939,80,3115,107">
<area shape="rect" href="$jma__knowledge_8cpp.html" title="Implementation of class JMA_Knowledge." alt="" coords="3139,80,3339,107">
