<area shape="rect" href="$param_8h.html" title="source/libmecab/param.h" alt="" coords="1637,155,1805,181">
<area shape="rect" href="$dictionary_8cpp.html" title="source/libmecab/dictionary.cpp" alt="" coords="5,229,205,256">
<area shape="rect" href="$libmecab_2tokenizer_8cpp.html" title="source/libmecab/tokenizer.cpp" alt="" coords="3240,229,3437,256">
<area shape="rect" href="$writer_8h.html" title="source/libmecab/writer.h" alt="" coords="1096,155,1256,181">
<area shape="rect" href="$iconv__utils_8cpp.html" title="source/libmecab/iconv_utils.cpp" alt="" coords="3433,80,3641,107">
<area shape="rect" href="$libmecab_2tokenizer_8h.html" title="source/libmecab/tokenizer.h" alt="" coords="3225,80,3409,107">
<area shape="rect" href="$learner__tagger_8h.html" title="source/libmecab/learner_tagger.h" alt="" coords="2920,155,3131,181">
<area shape="rect" href="$char__property_8cpp.html" title="source/libmecab/char_property.cpp" alt="" coords="1491,229,1715,256">
<area shape="rect" href="$connector_8cpp.html" title="source/libmecab/connector.cpp" alt="" coords="1739,229,1939,256">
<area shape="rect" href="$dictionary__compiler_8cpp.html" title="source/libmecab/dictionary_compiler.cpp" alt="" coords="2216,229,2472,256">
<area shape="rect" href="$dictionary__generator_8cpp.html" title="source/libmecab/dictionary_generator.cpp" alt="" coords="2496,229,2757,256">
<area shape="rect" href="$eval_8cpp.html" title="source/libmecab/eval.cpp" alt="" coords="429,229,597,256">
<area shape="rect" href="$feature__index_8cpp.html" title="source/libmecab/feature_index.cpp" alt="" coords="621,229,845,256">
<area shape="rect" href="$learner_8cpp.html" title="source/libmecab/learner.cpp" alt="" coords="2781,229,2965,256">
<area shape="rect" href="$param_8cpp.html" title="source/libmecab/param.cpp" alt="" coords="869,229,1051,256">
<area shape="rect" href="$tagger_8cpp.html" title="source/libmecab/tagger.cpp" alt="" coords="2013,229,2192,256">
<area shape="rect" href="$utils_8cpp.html" title="source/libmecab/utils.cpp" alt="" coords="1075,229,1243,256">
<area shape="rect" href="$viterbi_8cpp.html" title="source/libmecab/viterbi.cpp" alt="" coords="3385,304,3564,331">
<area shape="rect" href="$writer_8cpp.html" title="source/libmecab/writer.cpp" alt="" coords="229,229,405,256">
<area shape="rect" href="$jma__knowledge_8cpp.html" title="Implementation of class JMA_Knowledge." alt="" coords="1267,229,1467,256">
<area shape="rect" href="$libmecab_8cpp.html" title="source/libmecab/libmecab.cpp" alt="" coords="3445,155,3643,181">
<area shape="rect" href="$viterbi_8h.html" title="source/libmecab/viterbi.h" alt="" coords="3256,155,3421,181">
<area shape="rect" href="$jma__analyzer_8cpp.html" title="Implementation of class JMA_Analyzer." alt="" coords="3667,155,3853,181">
<area shape="rect" href="$src_2tokenizer_8cpp.html" title="Tokenizer tokenizes a raw input string in specific encoding to a sequence of characters..." alt="" coords="3877,155,4040,181">
<area shape="rect" href="$learner__tagger_8cpp.html" title="source/libmecab/learner_tagger.cpp" alt="" coords="2989,229,3216,256">
<area shape="rect" href="$viterbisub_8h.html" title="source/libmecab/viterbisub.h" alt="" coords="3512,229,3699,256">
