<area shape="rect" href="$libmecab_2tokenizer_8h.html" title="tokenizer.h" alt="" coords="713,80,796,107">
<area shape="rect" href="$jma__ctype_8h.html" title="JMA_CType gives the character type information." alt="" coords="987,229,1077,256">
<area shape="rect" href="$mecab_8h.html" title="mecab.h" alt="" coords="759,229,831,256">
<area shape="rect" href="$freelist_8h.html" title="freelist.h" alt="" coords="389,229,461,256">
<area shape="rect" href="$dictionary_8h.html" title="dictionary.h" alt="" coords="669,155,757,181">
<area shape="rect" href="$char__property_8h.html" title="char_property.h" alt="" coords="536,229,645,256">
<area shape="rect" href="$scoped__ptr_8h.html" title="scoped_ptr.h" alt="" coords="824,379,920,405">
<area shape="rect" href="$utils_8h.html" title="utils.h" alt="" coords="397,304,453,331">
<area shape="rect" href="$common_8h.html" title="common.h" alt="" coords="229,379,312,405">
<area shape="rect" href="$darts_8h.html" title="darts.h" alt="" coords="683,304,744,331">
<area shape="rect" href="$ucs_8h.html" title="ucs.h" alt="" coords="552,304,605,331">
<area shape="rect" href="$ucstable_8h.html" title="ucstable.h" alt="" coords="539,379,619,405">
<area shape="rect" href="$knowledge_8h.html" title="Definition of class Knowledge." alt="" coords="985,304,1079,331">
