<area shape="rect" href="$mutex_8h.html" title="source/libmecab/mutex.h" alt="" coords="353,80,521,107">
<area shape="rect" href="$writer_8h.html" title="source/libmecab/writer.h" alt="" coords="788,80,948,107">
<area shape="rect" href="$tagger_8cpp.html" title="source/libmecab/tagger.cpp" alt="" coords="560,155,739,181">
<area shape="rect" href="$writer_8cpp.html" title="source/libmecab/writer.cpp" alt="" coords="813,155,989,181">
<area shape="rect" href="$feature__index_8h.html" title="source/libmecab/feature_index.h" alt="" coords="1263,80,1471,107">
<area shape="rect" href="$feature__index_8cpp.html" title="source/libmecab/feature_index.cpp" alt="" coords="1013,155,1237,181">
<area shape="rect" href="$learner_8cpp.html" title="source/libmecab/learner.cpp" alt="" coords="1460,229,1644,256">
<area shape="rect" href="$param_8cpp.html" title="source/libmecab/param.cpp" alt="" coords="1713,80,1895,107">
<area shape="rect" href="$string__buffer_8cpp.html" title="source/libmecab/string_buffer.cpp" alt="" coords="1919,80,2135,107">
<area shape="rect" href="$viterbi_8cpp.html" title="source/libmecab/viterbi.cpp" alt="" coords="2159,80,2337,107">
<area shape="rect" href="$mempool_8h.html" title="source/libmecab/mempool.h" alt="" coords="131,155,315,181">
<area shape="rect" href="$libmecab_8cpp.html" title="source/libmecab/libmecab.cpp" alt="" coords="339,155,536,181">
<area shape="rect" href="$char__property_8cpp.html" title="source/libmecab/char_property.cpp" alt="" coords="229,229,453,256">
<area shape="rect" href="$connector_8cpp.html" title="source/libmecab/connector.cpp" alt="" coords="5,229,205,256">
<area shape="rect" href="$dictionary_8cpp.html" title="source/libmecab/dictionary.cpp" alt="" coords="517,229,717,256">
<area shape="rect" href="$dictionary__generator_8cpp.html" title="source/libmecab/dictionary_generator.cpp" alt="" coords="1547,155,1808,181">
<area shape="rect" href="$learner__tagger_8h.html" title="source/libmecab/learner_tagger.h" alt="" coords="1261,155,1472,181">
<area shape="rect" href="$learner__tagger_8cpp.html" title="source/libmecab/learner_tagger.cpp" alt="" coords="1209,229,1436,256">
