<area shape="rect" href="$jma__knowledge_8h.html" title="Definition of class JMA_Knowledge." alt="" coords="320,80,440,107">
<area shape="rect" href="$mecab_8h.html" title="mecab.h" alt="" coords="917,155,989,181">
<area shape="rect" href="$jma__analyzer_8h.html" title="Definition of class JMA_Analyzer." alt="" coords="776,80,883,107">
<area shape="rect" href="$test__jma__common_8h.html" title="The header file containing those macro definitions commonly used in test source files..." alt="" coords="957,80,1096,107">
<area shape="rect" href="$knowledge_8h.html" title="Definition of class Knowledge." alt="" coords="189,229,283,256">
<area shape="rect" href="$generic__array_8h.html" title="generic_array.h" alt="" coords="357,229,467,256">
<area shape="rect" href="$jma__ctype_8h.html" title="JMA_CType gives the character type information." alt="" coords="5,155,96,181">
<area shape="rect" href="$pos__table_8h.html" title="Definition of class POSTable." alt="" coords="595,155,683,181">
<area shape="rect" href="$kana__table_8h.html" title="Definition of class KanaTable." alt="" coords="221,155,317,181">
<area shape="rect" href="$analyzer_8h.html" title="Definition of class Analyzer." alt="" coords="763,229,843,256">
<area shape="rect" href="$sentence_8h.html" title="Definition of class Sentence." alt="" coords="707,155,792,181">
