<area shape="rect" href="$string__buffer_8h.html" title="source/libmecab/string_buffer.h" alt="" coords="773,80,973,107">
<area shape="rect" href="$char__property_8cpp.html" title="source/libmecab/char_property.cpp" alt="" coords="573,304,797,331">
<area shape="rect" href="$connector_8cpp.html" title="source/libmecab/connector.cpp" alt="" coords="7,304,207,331">
<area shape="rect" href="$dictionary_8cpp.html" title="source/libmecab/dictionary.cpp" alt="" coords="923,304,1123,331">
<area shape="rect" href="$libmecab_8cpp.html" title="source/libmecab/libmecab.cpp" alt="" coords="1147,304,1344,331">
<area shape="rect" href="$writer_8h.html" title="source/libmecab/writer.h" alt="" coords="288,155,448,181">
<area shape="rect" href="$writer_8cpp.html" title="source/libmecab/writer.cpp" alt="" coords="163,229,339,256">
<area shape="rect" href="$dictionary__generator_8cpp.html" title="source/libmecab/dictionary_generator.cpp" alt="" coords="2056,304,2317,331">
<area shape="rect" href="$feature__index_8cpp.html" title="source/libmecab/feature_index.cpp" alt="" coords="3551,304,3775,331">
<area shape="rect" href="$learner_8cpp.html" title="source/libmecab/learner.cpp" alt="" coords="2704,379,2888,405">
<area shape="rect" href="$learner__tagger_8cpp.html" title="source/libmecab/learner_tagger.cpp" alt="" coords="3699,379,3925,405">
<area shape="rect" href="$param_8cpp.html" title="source/libmecab/param.cpp" alt="" coords="32,155,213,181">
<area shape="rect" href="$char__property_8h.html" title="source/libmecab/char_property.h" alt="" coords="1788,80,1996,107">
<area shape="rect" href="$libmecab_2tokenizer_8cpp.html" title="source/libmecab/tokenizer.cpp" alt="" coords="1569,379,1767,405">
<area shape="rect" href="$iconv__utils_8cpp.html" title="source/libmecab/iconv_utils.cpp" alt="" coords="1980,155,2188,181">
<area shape="rect" href="$context__id_8cpp.html" title="source/libmecab/context_id.cpp" alt="" coords="3204,80,3409,107">
<area shape="rect" href="$freelist_8h.html" title="source/libmecab/freelist.h" alt="" coords="2465,80,2636,107">
<area shape="rect" href="$dictionary__rewriter_8cpp.html" title="source/libmecab/dictionary_rewriter.cpp" alt="" coords="3047,229,3295,256">
<area shape="rect" href="$test__csv__convert_8cpp.html" title="Executable to convert dictionary CSV file from source pattern to destination pattern..." alt="" coords="3319,229,3535,256">
<area shape="rect" href="$eval_8cpp.html" title="source/libmecab/eval.cpp" alt="" coords="3697,80,3865,107">
<area shape="rect" href="$learner__node_8h.html" title="source/libmecab/learner_node.h" alt="" coords="3660,229,3865,256">
<area shape="rect" href="$utils_8cpp.html" title="source/libmecab/utils.cpp" alt="" coords="3940,80,4108,107">
<area shape="rect" href="$mutex_8h.html" title="source/libmecab/mutex.h" alt="" coords="573,155,741,181">
<area shape="rect" href="$tagger_8cpp.html" title="source/libmecab/tagger.cpp" alt="" coords="1152,379,1331,405">
<area shape="rect" href="$feature__index_8h.html" title="source/libmecab/feature_index.h" alt="" coords="2764,229,2972,256">
<area shape="rect" href="$string__buffer_8cpp.html" title="source/libmecab/string_buffer.cpp" alt="" coords="765,155,981,181">
<area shape="rect" href="$viterbi_8cpp.html" title="source/libmecab/viterbi.cpp" alt="" coords="1795,453,1973,480">
<area shape="rect" href="$mempool_8h.html" title="source/libmecab/mempool.h" alt="" coords="583,229,767,256">
<area shape="rect" href="$learner__tagger_8h.html" title="source/libmecab/learner_tagger.h" alt="" coords="2833,304,3044,331">
<area shape="rect" href="$dictionary_8h.html" title="source/libmecab/dictionary.h" alt="" coords="1608,155,1795,181">
<area shape="rect" href="$dictionary__compiler_8cpp.html" title="source/libmecab/dictionary_compiler.cpp" alt="" coords="1868,229,2124,256">
<area shape="rect" href="$libmecab_2tokenizer_8h.html" title="source/libmecab/tokenizer.h" alt="" coords="1335,229,1519,256">
<area shape="rect" href="$jma__knowledge_8cpp.html" title="Implementation of class JMA_Knowledge." alt="" coords="1593,229,1793,256">
<area shape="rect" href="$viterbi_8h.html" title="source/libmecab/viterbi.h" alt="" coords="1867,304,2032,331">
<area shape="rect" href="$jma__analyzer_8cpp.html" title="Implementation of class JMA_Analyzer." alt="" coords="1419,304,1605,331">
<area shape="rect" href="$src_2tokenizer_8cpp.html" title="Tokenizer tokenizes a raw input string in specific encoding to a sequence of characters..." alt="" coords="1629,304,1792,331">
<area shape="rect" href="$viterbisub_8h.html" title="source/libmecab/viterbisub.h" alt="" coords="1791,379,1977,405">
<area shape="rect" href="$dictionary__rewriter_8h.html" title="source/libmecab/dictionary_rewriter.h" alt="" coords="2663,155,2897,181">
<area shape="rect" href="$nbest__generator_8h.html" title="source/libmecab/nbest_generator.h" alt="" coords="2364,155,2588,181">
<area shape="rect" href="$nbest__generator_8cpp.html" title="source/libmecab/nbest_generator.cpp" alt="" coords="2351,229,2588,256">
