<area shape="rect" href="$mecab_8h.html" title="mecab.h" alt="" coords="737,229,809,256">
<area shape="rect" href="$freelist_8h.html" title="freelist.h" alt="" coords="373,229,445,256">
<area shape="rect" href="$libmecab_2tokenizer_8h.html" title="tokenizer.h" alt="" coords="532,80,615,107">
<area shape="rect" href="$utils_8h.html" title="utils.h" alt="" coords="449,304,505,331">
<area shape="rect" href="$common_8h.html" title="common.h" alt="" coords="363,379,445,405">
<area shape="rect" href="$dictionary_8h.html" title="dictionary.h" alt="" coords="571,155,659,181">
<area shape="rect" href="$char__property_8h.html" title="char_property.h" alt="" coords="471,229,580,256">
<area shape="rect" href="$scoped__ptr_8h.html" title="scoped_ptr.h" alt="" coords="877,379,973,405">
<area shape="rect" href="$darts_8h.html" title="darts.h" alt="" coords="529,304,591,331">
<area shape="rect" href="$ucs_8h.html" title="ucs.h" alt="" coords="615,304,668,331">
<area shape="rect" href="$ucstable_8h.html" title="ucstable.h" alt="" coords="773,379,853,405">
