<area shape="rect" href="$viterbi_8h.html" title="viterbi.h" alt="" coords="460,80,527,107">
<area shape="rect" href="$mecab_8h.html" title="mecab.h" alt="" coords="737,304,809,331">
<area shape="rect" href="$freelist_8h.html" title="freelist.h" alt="" coords="373,304,445,331">
<area shape="rect" href="$libmecab_2tokenizer_8h.html" title="tokenizer.h" alt="" coords="532,155,615,181">
<area shape="rect" href="$utils_8h.html" title="utils.h" alt="" coords="449,379,505,405">
<area shape="rect" href="$common_8h.html" title="common.h" alt="" coords="363,453,445,480">
<area shape="rect" href="$dictionary_8h.html" title="dictionary.h" alt="" coords="571,229,659,256">
<area shape="rect" href="$char__property_8h.html" title="char_property.h" alt="" coords="471,304,580,331">
<area shape="rect" href="$libmecab_2scoped__ptr_8h.html" title="scoped_ptr.h" alt="" coords="877,453,973,480">
<area shape="rect" href="$darts_8h.html" title="darts.h" alt="" coords="529,379,591,405">
<area shape="rect" href="$ucs_8h.html" title="ucs.h" alt="" coords="615,379,668,405">
<area shape="rect" href="$ucstable_8h.html" title="ucstable.h" alt="" coords="773,453,853,480">
