<area shape="rect" href="$param_8h.html" title="param.h" alt="" coords="131,453,197,480">
<area shape="rect" href="$common_8h.html" title="common.h" alt="" coords="397,528,480,555">
<area shape="rect" href="$viterbi_8h.html" title="viterbi.h" alt="" coords="580,155,647,181">
<area shape="rect" href="$string__buffer_8h.html" title="string_buffer.h" alt="" coords="272,379,373,405">
<area shape="rect" href="$connector_8h.html" title="connector.h" alt="" coords="336,304,424,331">
<area shape="rect" href="$viterbisub_8h.html" title="viterbisub.h" alt="" coords="569,80,657,107">
<area shape="rect" href="$libmecab_2scoped__ptr_8h.html" title="scoped_ptr.h" alt="" coords="176,528,272,555">
<area shape="rect" href="$mecab_8h.html" title="mecab.h" alt="" coords="499,379,571,405">
<area shape="rect" href="$freelist_8h.html" title="freelist.h" alt="" coords="595,379,667,405">
<area shape="rect" href="$libmecab_2tokenizer_8h.html" title="tokenizer.h" alt="" coords="651,229,733,256">
<area shape="rect" href="$utils_8h.html" title="utils.h" alt="" coords="632,453,688,480">
<area shape="rect" href="$dictionary_8h.html" title="dictionary.h" alt="" coords="701,304,789,331">
<area shape="rect" href="$char__property_8h.html" title="char_property.h" alt="" coords="741,379,851,405">
<area shape="rect" href="$darts_8h.html" title="darts.h" alt="" coords="813,453,875,480">
<area shape="rect" href="$ucs_8h.html" title="ucs.h" alt="" coords="899,453,952,480">
<area shape="rect" href="$ucstable_8h.html" title="ucstable.h" alt="" coords="888,528,968,555">
